[2026-08-25T13:30:36.426+0000] {local_task_job_runner.py:120} INFO - ::group::Pre task execution logs
[2026-08-25T13:30:36.446+0000] {taskinstance.py:2076} INFO - Dependencies all met for dep_context=non-requeueable deps ti=<TaskInstance: price_etl_pipeline.spark_price_aggregation manual__2026-08-25T13:20:26.183323+00:00 [queued]>
[2026-08-25T13:30:36.450+0000] {taskinstance.py:2076} INFO - Dependencies all met for dep_context=requeueable deps ti=<TaskInstance: price_etl_pipeline.spark_price_aggregation manual__2026-08-25T13:20:26.183323+00:00 [queued]>
[2026-08-25T13:30:36.450+0000] {taskinstance.py:2306} INFO - Starting attempt 3 of 3
[2026-08-25T13:30:36.457+0000] {taskinstance.py:2330} INFO - Executing <Task(PythonOperator): spark_price_aggregation> on 2026-08-25 13:20:26.183323+00:00
[2026-08-25T13:30:36.460+0000] {standard_task_runner.py:64} INFO - Started process 1483 to run task
[2026-08-25T13:30:36.462+0000] {standard_task_runner.py:90} INFO - Running: ['airflow', 'tasks', 'run', 'price_etl_pipeline', 'spark_price_aggregation', 'manual__2026-08-25T13:20:26.183323+00:00', '--job-id', '22', '--raw', '--subdir', 'DAGS_FOLDER/price_etl_dag.py', '--cfg-path', '/tmp/tmpwnl5wcos']
[2026-08-25T13:30:36.463+0000] {standard_task_runner.py:91} INFO - Job 22: Subtask spark_price_aggregation
[2026-08-25T13:30:36.497+0000] {task_command.py:426} INFO - Running <TaskInstance: price_etl_pipeline.spark_price_aggregation manual__2026-08-25T13:20:26.183323+00:00 [running]> on host 8f346968d394
[2026-08-25T13:30:36.650+0000] {taskinstance.py:2648} INFO - Exporting env vars: AIRFLOW_CTX_DAG_OWNER='veta' AIRFLOW_CTX_DAG_ID='price_etl_pipeline' AIRFLOW_CTX_TASK_ID='spark_price_aggregation' AIRFLOW_CTX_EXECUTION_DATE='2026-08-25T13:20:26.183323+00:00' AIRFLOW_CTX_TRY_NUMBER='3' AIRFLOW_CTX_DAG_RUN_ID='manual__2026-08-25T13:20:26.183323+00:00'
[2026-08-25T13:30:36.651+0000] {taskinstance.py:430} INFO - ::endgroup::
[2026-08-25T13:30:39.724+0000] {taskinstance.py:441} INFO - ::group::Post task execution logs
[2026-08-25T13:30:39.724+0000] {taskinstance.py:2905} ERROR - Task failed with exception
Traceback (most recent call last):
  File "/home/airflow/.local/lib/python3.11/site-packages/airflow/models/taskinstance.py", line 465, in _execute_task
    result = _execute_callable(context=context, **execute_callable_kwargs)
             ^^^^^^^^^^^^^^^^^^^^^^^^^^^^^^^^^^^^^^^^^^^^^^^^^^^^^^^^^^^^^
  File "/home/airflow/.local/lib/python3.11/site-packages/airflow/models/taskinstance.py", line 432, in _execute_callable
    return execute_callable(context=context, **execute_callable_kwargs)
           ^^^^^^^^^^^^^^^^^^^^^^^^^^^^^^^^^^^^^^^^^^^^^^^^^^^^^^^^^^^^
  File "/home/airflow/.local/lib/python3.11/site-packages/airflow/models/baseoperator.py", line 401, in wrapper
    return func(self, *args, **kwargs)
           ^^^^^^^^^^^^^^^^^^^^^^^^^^^
  File "/home/airflow/.local/lib/python3.11/site-packages/airflow/operators/python.py", line 235, in execute
    return_value = self.execute_callable()
                   ^^^^^^^^^^^^^^^^^^^^^^^
  File "/home/airflow/.local/lib/python3.11/site-packages/airflow/operators/python.py", line 252, in execute_callable
    return self.python_callable(*self.op_args, **self.op_kwargs)
           ^^^^^^^^^^^^^^^^^^^^^^^^^^^^^^^^^^^^^^^^^^^^^^^^^^^^^
  File "/opt/airflow/dags/price_etl_dag.py", line 36, in run_spark_aggregation
    subprocess.run(
  File "/usr/local/lib/python3.11/subprocess.py", line 571, in run
    raise CalledProcessError(retcode, process.args,
subprocess.CalledProcessError: Command '['python', '/opt/airflow/spark_jobs/aggregate_prices.py']' returned non-zero exit status 1.
[2026-08-25T13:30:39.738+0000] {taskinstance.py:1206} INFO - Marking task as FAILED. dag_id=price_etl_pipeline, task_id=spark_price_aggregation, run_id=manual__2026-08-25T13:20:26.183323+00:00, execution_date=20260825T132026, start_date=20260825T133036, end_date=20260825T133039
[2026-08-25T13:30:39.745+0000] {standard_task_runner.py:110} ERROR - Failed to execute job 22 for task spark_price_aggregation (Command '['python', '/opt/airflow/spark_jobs/aggregate_prices.py']' returned non-zero exit status 1.; 1483)
[2026-08-25T13:30:39.763+0000] {local_task_job_runner.py:243} INFO - Task exited with return code 1
[2026-08-25T13:30:39.773+0000] {taskinstance.py:3503} INFO - 0 downstream tasks scheduled from follow-on schedule check
[2026-08-25T13:30:39.775+0000] {local_task_job_runner.py:222} INFO - ::endgroup::
