[2026-08-25T13:19:24.177+0000] {local_task_job_runner.py:120} INFO - ::group::Pre task execution logs
[2026-08-25T13:19:24.192+0000] {taskinstance.py:2076} INFO - Dependencies all met for dep_context=non-requeueable deps ti=<TaskInstance: price_etl_pipeline.spark_price_aggregation manual__2026-08-25T13:19:22.267026+00:00 [queued]>
[2026-08-25T13:19:24.195+0000] {taskinstance.py:2076} INFO - Dependencies all met for dep_context=requeueable deps ti=<TaskInstance: price_etl_pipeline.spark_price_aggregation manual__2026-08-25T13:19:22.267026+00:00 [queued]>
[2026-08-25T13:19:24.196+0000] {taskinstance.py:2306} INFO - Starting attempt 1 of 3
[2026-08-25T13:19:24.202+0000] {taskinstance.py:2330} INFO - Executing <Task(PythonOperator): spark_price_aggregation> on 2026-08-25 13:19:22.267026+00:00
[2026-08-25T13:19:24.204+0000] {standard_task_runner.py:64} INFO - Started process 534 to run task
[2026-08-25T13:19:24.205+0000] {standard_task_runner.py:90} INFO - Running: ['airflow', 'tasks', 'run', 'price_etl_pipeline', 'spark_price_aggregation', 'manual__2026-08-25T13:19:22.267026+00:00', '--job-id', '14', '--raw', '--subdir', 'DAGS_FOLDER/price_etl_dag.py', '--cfg-path', '/tmp/tmpmp5rx4s2']
[2026-08-25T13:19:24.206+0000] {standard_task_runner.py:91} INFO - Job 14: Subtask spark_price_aggregation
[2026-08-25T13:19:24.229+0000] {task_command.py:426} INFO - Running <TaskInstance: price_etl_pipeline.spark_price_aggregation manual__2026-08-25T13:19:22.267026+00:00 [running]> on host 358c605ade12
[2026-08-25T13:19:24.321+0000] {taskinstance.py:2648} INFO - Exporting env vars: AIRFLOW_CTX_DAG_OWNER='veta' AIRFLOW_CTX_DAG_ID='price_etl_pipeline' AIRFLOW_CTX_TASK_ID='spark_price_aggregation' AIRFLOW_CTX_EXECUTION_DATE='2026-08-25T13:19:22.267026+00:00' AIRFLOW_CTX_TRY_NUMBER='1' AIRFLOW_CTX_DAG_RUN_ID='manual__2026-08-25T13:19:22.267026+00:00'
[2026-08-25T13:19:24.321+0000] {taskinstance.py:430} INFO - ::endgroup::
[2026-08-25T13:19:27.063+0000] {taskinstance.py:441} INFO - ::group::Post task execution logs
[2026-08-25T13:19:27.064+0000] {taskinstance.py:2905} ERROR - Task failed with exception
Traceback (most recent call last):
  File "/home/airflow/.local/lib/python3.11/site-packages/airflow/models/taskinstance.py", line 465, in _execute_task
    result = _execute_callable(context=context, **execute_callable_kwargs)
             ^^^^^^^^^^^^^^^^^^^^^^^^^^^^^^^^^^^^^^^^^^^^^^^^^^^^^^^^^^^^^
  File "/home/airflow/.local/lib/python3.11/site-packages/airflow/models/taskinstance.py", line 432, in _execute_callable
    return execute_callable(context=context, **execute_callable_kwargs)
           ^^^^^^^^^^^^^^^^^^^^^^^^^^^^^^^^^^^^^^^^^^^^^^^^^^^^^^^^^^^^
  File "/home/airflow/.local/lib/python3.11/site-packages/airflow/models/baseoperator.py", line 401, in wrapper
    return func(self, *args, **kwargs)
           ^^^^^^^^^^^^^^^^^^^^^^^^^^^
  File "/home/airflow/.local/lib/python3.11/site-packages/airflow/operators/python.py", line 235, in execute
    return_value = self.execute_callable()
                   ^^^^^^^^^^^^^^^^^^^^^^^
  File "/home/airflow/.local/lib/python3.11/site-packages/airflow/operators/python.py", line 252, in execute_callable
    return self.python_callable(*self.op_args, **self.op_kwargs)
           ^^^^^^^^^^^^^^^^^^^^^^^^^^^^^^^^^^^^^^^^^^^^^^^^^^^^^
  File "/opt/airflow/dags/price_etl_dag.py", line 36, in run_spark_aggregation
    subprocess.run(
  File "/usr/local/lib/python3.11/subprocess.py", line 571, in run
    raise CalledProcessError(retcode, process.args,
subprocess.CalledProcessError: Command '['python', '/opt/airflow/spark_jobs/aggregate_prices.py']' returned non-zero exit status 1.
[2026-08-25T13:19:27.073+0000] {taskinstance.py:1206} INFO - Marking task as UP_FOR_RETRY. dag_id=price_etl_pipeline, task_id=spark_price_aggregation, run_id=manual__2026-08-25T13:19:22.267026+00:00, execution_date=20260825T131922, start_date=20260825T131924, end_date=20260825T131927
[2026-08-25T13:19:27.080+0000] {standard_task_runner.py:110} ERROR - Failed to execute job 14 for task spark_price_aggregation (Command '['python', '/opt/airflow/spark_jobs/aggregate_prices.py']' returned non-zero exit status 1.; 534)
[2026-08-25T13:19:27.105+0000] {local_task_job_runner.py:243} INFO - Task exited with return code 1
[2026-08-25T13:19:27.113+0000] {taskinstance.py:3503} INFO - 0 downstream tasks scheduled from follow-on schedule check
[2026-08-25T13:19:27.116+0000] {local_task_job_runner.py:222} INFO - ::endgroup::
