[2026-08-25T13:20:27.227+0000] {local_task_job_runner.py:120} INFO - ::group::Pre task execution logs
[2026-08-25T13:20:27.247+0000] {taskinstance.py:2076} INFO - Dependencies all met for dep_context=non-requeueable deps ti=<TaskInstance: price_etl_pipeline.run_scraping_etl manual__2026-08-25T13:20:26.183323+00:00 [queued]>
[2026-08-25T13:20:27.251+0000] {taskinstance.py:2076} INFO - Dependencies all met for dep_context=requeueable deps ti=<TaskInstance: price_etl_pipeline.run_scraping_etl manual__2026-08-25T13:20:26.183323+00:00 [queued]>
[2026-08-25T13:20:27.252+0000] {taskinstance.py:2306} INFO - Starting attempt 1 of 3
[2026-08-25T13:20:27.259+0000] {taskinstance.py:2330} INFO - Executing <Task(BashOperator): run_scraping_etl> on 2026-08-25 13:20:26.183323+00:00
[2026-08-25T13:20:27.262+0000] {standard_task_runner.py:64} INFO - Started process 181 to run task
[2026-08-25T13:20:27.265+0000] {standard_task_runner.py:90} INFO - Running: ['airflow', 'tasks', 'run', 'price_etl_pipeline', 'run_scraping_etl', 'manual__2026-08-25T13:20:26.183323+00:00', '--job-id', '17', '--raw', '--subdir', 'DAGS_FOLDER/price_etl_dag.py', '--cfg-path', '/tmp/tmpucschk1p']
[2026-08-25T13:20:27.266+0000] {standard_task_runner.py:91} INFO - Job 17: Subtask run_scraping_etl
[2026-08-25T13:20:27.300+0000] {task_command.py:426} INFO - Running <TaskInstance: price_etl_pipeline.run_scraping_etl manual__2026-08-25T13:20:26.183323+00:00 [running]> on host 8f346968d394
[2026-08-25T13:20:27.454+0000] {taskinstance.py:2648} INFO - Exporting env vars: AIRFLOW_CTX_DAG_OWNER='veta' AIRFLOW_CTX_DAG_ID='price_etl_pipeline' AIRFLOW_CTX_TASK_ID='run_scraping_etl' AIRFLOW_CTX_EXECUTION_DATE='2026-08-25T13:20:26.183323+00:00' AIRFLOW_CTX_TRY_NUMBER='1' AIRFLOW_CTX_DAG_RUN_ID='manual__2026-08-25T13:20:26.183323+00:00'
[2026-08-25T13:20:27.455+0000] {taskinstance.py:430} INFO - ::endgroup::
[2026-08-25T13:20:27.465+0000] {subprocess.py:63} INFO - Tmp dir root location: /tmp
[2026-08-25T13:20:27.465+0000] {subprocess.py:75} INFO - Running command: ['/usr/bin/bash', '-c', 'python /opt/airflow/repo/etl/run_pipeline.py']
[2026-08-25T13:20:27.471+0000] {subprocess.py:86} INFO - Output:
[2026-08-25T13:20:28.351+0000] {subprocess.py:93} INFO - [2026-08-25 13:20:28] Pipeline уже запускался сегодня. Выход.
[2026-08-25T13:20:28.381+0000] {subprocess.py:97} INFO - Command exited with return code 0
[2026-08-25T13:20:28.382+0000] {taskinstance.py:441} INFO - ::group::Post task execution logs
[2026-08-25T13:20:28.398+0000] {taskinstance.py:1206} INFO - Marking task as SUCCESS. dag_id=price_etl_pipeline, task_id=run_scraping_etl, run_id=manual__2026-08-25T13:20:26.183323+00:00, execution_date=20260825T132026, start_date=20260825T132027, end_date=20260825T132028
[2026-08-25T13:20:28.439+0000] {local_task_job_runner.py:243} INFO - Task exited with return code 0
[2026-08-25T13:20:28.449+0000] {taskinstance.py:3503} INFO - 1 downstream tasks scheduled from follow-on schedule check
[2026-08-25T13:20:28.452+0000] {local_task_job_runner.py:222} INFO - ::endgroup::
