[2026-08-24T19:35:01.606+0000] {processor.py:161} INFO - Started process (PID=172) to work on /opt/airflow/dags/price_etl_dag.py
[2026-08-24T19:35:01.607+0000] {processor.py:830} INFO - Processing file /opt/airflow/dags/price_etl_dag.py for tasks to queue
[2026-08-24T19:35:01.608+0000] {logging_mixin.py:188} INFO - [2026-08-24T19:35:01.608+0000] {dagbag.py:545} INFO - Filling up the DagBag from /opt/airflow/dags/price_etl_dag.py
[2026-08-24T19:35:01.631+0000] {processor.py:840} INFO - DAG(s) 'price_etl_pipeline' retrieved from /opt/airflow/dags/price_etl_dag.py
[2026-08-24T19:35:01.768+0000] {logging_mixin.py:188} INFO - [2026-08-24T19:35:01.767+0000] {override.py:1858} INFO - Created Permission View: can read on DAG:price_etl_pipeline
[2026-08-24T19:35:01.775+0000] {logging_mixin.py:188} INFO - [2026-08-24T19:35:01.774+0000] {override.py:1858} INFO - Created Permission View: can delete on DAG:price_etl_pipeline
[2026-08-24T19:35:01.855+0000] {logging_mixin.py:188} INFO - [2026-08-24T19:35:01.855+0000] {override.py:1858} INFO - Created Permission View: can edit on DAG:price_etl_pipeline
[2026-08-24T19:35:01.856+0000] {logging_mixin.py:188} INFO - [2026-08-24T19:35:01.856+0000] {dag.py:3089} INFO - Sync 1 DAGs
[2026-08-24T19:35:01.860+0000] {logging_mixin.py:188} INFO - [2026-08-24T19:35:01.860+0000] {dag.py:3111} INFO - Creating ORM DAG for price_etl_pipeline
[2026-08-24T19:35:01.865+0000] {logging_mixin.py:188} INFO - [2026-08-24T19:35:01.865+0000] {dag.py:3947} INFO - Setting next_dagrun for price_etl_pipeline to 2026-08-23 12:00:00+00:00, run_after=2026-08-24 12:00:00+00:00
[2026-08-24T19:35:01.877+0000] {processor.py:183} INFO - Processing /opt/airflow/dags/price_etl_dag.py took 0.273 seconds
[2026-08-24T19:35:32.002+0000] {processor.py:161} INFO - Started process (PID=177) to work on /opt/airflow/dags/price_etl_dag.py
[2026-08-24T19:35:32.003+0000] {processor.py:830} INFO - Processing file /opt/airflow/dags/price_etl_dag.py for tasks to queue
[2026-08-24T19:35:32.005+0000] {logging_mixin.py:188} INFO - [2026-08-24T19:35:32.005+0000] {dagbag.py:545} INFO - Filling up the DagBag from /opt/airflow/dags/price_etl_dag.py
[2026-08-24T19:35:32.021+0000] {processor.py:840} INFO - DAG(s) 'price_etl_pipeline' retrieved from /opt/airflow/dags/price_etl_dag.py
[2026-08-24T19:35:32.044+0000] {logging_mixin.py:188} INFO - [2026-08-24T19:35:32.044+0000] {dag.py:3089} INFO - Sync 1 DAGs
[2026-08-24T19:35:32.057+0000] {logging_mixin.py:188} INFO - [2026-08-24T19:35:32.057+0000] {dag.py:3947} INFO - Setting next_dagrun for price_etl_pipeline to 2026-08-23 12:00:00+00:00, run_after=2026-08-24 12:00:00+00:00
[2026-08-24T19:35:32.070+0000] {processor.py:183} INFO - Processing /opt/airflow/dags/price_etl_dag.py took 0.072 seconds
[2026-08-24T19:36:02.127+0000] {processor.py:161} INFO - Started process (PID=182) to work on /opt/airflow/dags/price_etl_dag.py
[2026-08-24T19:36:02.127+0000] {processor.py:830} INFO - Processing file /opt/airflow/dags/price_etl_dag.py for tasks to queue
[2026-08-24T19:36:02.131+0000] {logging_mixin.py:188} INFO - [2026-08-24T19:36:02.130+0000] {dagbag.py:545} INFO - Filling up the DagBag from /opt/airflow/dags/price_etl_dag.py
[2026-08-24T19:36:02.147+0000] {processor.py:840} INFO - DAG(s) 'price_etl_pipeline' retrieved from /opt/airflow/dags/price_etl_dag.py
[2026-08-24T19:36:02.167+0000] {logging_mixin.py:188} INFO - [2026-08-24T19:36:02.167+0000] {dag.py:3089} INFO - Sync 1 DAGs
[2026-08-24T19:36:02.181+0000] {logging_mixin.py:188} INFO - [2026-08-24T19:36:02.180+0000] {dag.py:3947} INFO - Setting next_dagrun for price_etl_pipeline to 2026-08-23 12:00:00+00:00, run_after=2026-08-24 12:00:00+00:00
[2026-08-24T19:36:02.194+0000] {processor.py:183} INFO - Processing /opt/airflow/dags/price_etl_dag.py took 0.069 seconds
[2026-08-24T19:36:32.279+0000] {processor.py:161} INFO - Started process (PID=187) to work on /opt/airflow/dags/price_etl_dag.py
[2026-08-24T19:36:32.279+0000] {processor.py:830} INFO - Processing file /opt/airflow/dags/price_etl_dag.py for tasks to queue
[2026-08-24T19:36:32.281+0000] {logging_mixin.py:188} INFO - [2026-08-24T19:36:32.281+0000] {dagbag.py:545} INFO - Filling up the DagBag from /opt/airflow/dags/price_etl_dag.py
[2026-08-24T19:36:32.297+0000] {processor.py:840} INFO - DAG(s) 'price_etl_pipeline' retrieved from /opt/airflow/dags/price_etl_dag.py
[2026-08-24T19:36:32.318+0000] {logging_mixin.py:188} INFO - [2026-08-24T19:36:32.318+0000] {dag.py:3089} INFO - Sync 1 DAGs
[2026-08-24T19:36:32.331+0000] {logging_mixin.py:188} INFO - [2026-08-24T19:36:32.331+0000] {dag.py:3947} INFO - Setting next_dagrun for price_etl_pipeline to 2026-08-23 12:00:00+00:00, run_after=2026-08-24 12:00:00+00:00
[2026-08-24T19:36:32.343+0000] {processor.py:183} INFO - Processing /opt/airflow/dags/price_etl_dag.py took 0.068 seconds
[2026-08-24T19:37:02.411+0000] {processor.py:161} INFO - Started process (PID=230) to work on /opt/airflow/dags/price_etl_dag.py
[2026-08-24T19:37:02.411+0000] {processor.py:830} INFO - Processing file /opt/airflow/dags/price_etl_dag.py for tasks to queue
[2026-08-24T19:37:02.413+0000] {logging_mixin.py:188} INFO - [2026-08-24T19:37:02.412+0000] {dagbag.py:545} INFO - Filling up the DagBag from /opt/airflow/dags/price_etl_dag.py
[2026-08-24T19:37:02.428+0000] {processor.py:840} INFO - DAG(s) 'price_etl_pipeline' retrieved from /opt/airflow/dags/price_etl_dag.py
[2026-08-24T19:37:02.446+0000] {logging_mixin.py:188} INFO - [2026-08-24T19:37:02.446+0000] {dag.py:3089} INFO - Sync 1 DAGs
[2026-08-24T19:37:02.458+0000] {logging_mixin.py:188} INFO - [2026-08-24T19:37:02.458+0000] {dag.py:3947} INFO - Setting next_dagrun for price_etl_pipeline to 2026-08-24 12:00:00+00:00, run_after=2026-08-25 12:00:00+00:00
[2026-08-24T19:37:02.470+0000] {processor.py:183} INFO - Processing /opt/airflow/dags/price_etl_dag.py took 0.064 seconds
[2026-08-24T19:37:32.541+0000] {processor.py:161} INFO - Started process (PID=830) to work on /opt/airflow/dags/price_etl_dag.py
[2026-08-24T19:37:32.542+0000] {processor.py:830} INFO - Processing file /opt/airflow/dags/price_etl_dag.py for tasks to queue
[2026-08-24T19:37:32.543+0000] {logging_mixin.py:188} INFO - [2026-08-24T19:37:32.543+0000] {dagbag.py:545} INFO - Filling up the DagBag from /opt/airflow/dags/price_etl_dag.py
[2026-08-24T19:37:32.556+0000] {processor.py:840} INFO - DAG(s) 'price_etl_pipeline' retrieved from /opt/airflow/dags/price_etl_dag.py
[2026-08-24T19:37:32.570+0000] {logging_mixin.py:188} INFO - [2026-08-24T19:37:32.570+0000] {dag.py:3089} INFO - Sync 1 DAGs
[2026-08-24T19:37:32.580+0000] {logging_mixin.py:188} INFO - [2026-08-24T19:37:32.580+0000] {dag.py:3947} INFO - Setting next_dagrun for price_etl_pipeline to 2026-08-24 12:00:00+00:00, run_after=2026-08-25 12:00:00+00:00
[2026-08-24T19:37:32.651+0000] {processor.py:183} INFO - Processing /opt/airflow/dags/price_etl_dag.py took 0.112 seconds
[2026-08-24T19:38:02.761+0000] {processor.py:161} INFO - Started process (PID=835) to work on /opt/airflow/dags/price_etl_dag.py
[2026-08-24T19:38:02.762+0000] {processor.py:830} INFO - Processing file /opt/airflow/dags/price_etl_dag.py for tasks to queue
[2026-08-24T19:38:02.763+0000] {logging_mixin.py:188} INFO - [2026-08-24T19:38:02.762+0000] {dagbag.py:545} INFO - Filling up the DagBag from /opt/airflow/dags/price_etl_dag.py
[2026-08-24T19:38:02.775+0000] {processor.py:840} INFO - DAG(s) 'price_etl_pipeline' retrieved from /opt/airflow/dags/price_etl_dag.py
[2026-08-24T19:38:02.791+0000] {logging_mixin.py:188} INFO - [2026-08-24T19:38:02.791+0000] {dag.py:3089} INFO - Sync 1 DAGs
[2026-08-24T19:38:02.892+0000] {logging_mixin.py:188} INFO - [2026-08-24T19:38:02.892+0000] {dag.py:3947} INFO - Setting next_dagrun for price_etl_pipeline to 2026-08-24 12:00:00+00:00, run_after=2026-08-25 12:00:00+00:00
[2026-08-24T19:38:02.904+0000] {processor.py:183} INFO - Processing /opt/airflow/dags/price_etl_dag.py took 0.146 seconds
[2026-08-24T19:38:33.010+0000] {processor.py:161} INFO - Started process (PID=840) to work on /opt/airflow/dags/price_etl_dag.py
[2026-08-24T19:38:33.011+0000] {processor.py:830} INFO - Processing file /opt/airflow/dags/price_etl_dag.py for tasks to queue
[2026-08-24T19:38:33.012+0000] {logging_mixin.py:188} INFO - [2026-08-24T19:38:33.012+0000] {dagbag.py:545} INFO - Filling up the DagBag from /opt/airflow/dags/price_etl_dag.py
[2026-08-24T19:38:33.025+0000] {processor.py:840} INFO - DAG(s) 'price_etl_pipeline' retrieved from /opt/airflow/dags/price_etl_dag.py
[2026-08-24T19:38:33.130+0000] {logging_mixin.py:188} INFO - [2026-08-24T19:38:33.130+0000] {dag.py:3089} INFO - Sync 1 DAGs
[2026-08-24T19:38:33.141+0000] {logging_mixin.py:188} INFO - [2026-08-24T19:38:33.141+0000] {dag.py:3947} INFO - Setting next_dagrun for price_etl_pipeline to 2026-08-24 12:00:00+00:00, run_after=2026-08-25 12:00:00+00:00
[2026-08-24T19:38:33.155+0000] {processor.py:183} INFO - Processing /opt/airflow/dags/price_etl_dag.py took 0.147 seconds
[2026-08-24T19:39:03.263+0000] {processor.py:161} INFO - Started process (PID=845) to work on /opt/airflow/dags/price_etl_dag.py
[2026-08-24T19:39:03.263+0000] {processor.py:830} INFO - Processing file /opt/airflow/dags/price_etl_dag.py for tasks to queue
[2026-08-24T19:39:03.264+0000] {logging_mixin.py:188} INFO - [2026-08-24T19:39:03.264+0000] {dagbag.py:545} INFO - Filling up the DagBag from /opt/airflow/dags/price_etl_dag.py
[2026-08-24T19:39:03.358+0000] {processor.py:840} INFO - DAG(s) 'price_etl_pipeline' retrieved from /opt/airflow/dags/price_etl_dag.py
[2026-08-24T19:39:03.376+0000] {logging_mixin.py:188} INFO - [2026-08-24T19:39:03.375+0000] {dag.py:3089} INFO - Sync 1 DAGs
[2026-08-24T19:39:03.386+0000] {logging_mixin.py:188} INFO - [2026-08-24T19:39:03.385+0000] {dag.py:3947} INFO - Setting next_dagrun for price_etl_pipeline to 2026-08-24 12:00:00+00:00, run_after=2026-08-25 12:00:00+00:00
[2026-08-24T19:39:03.398+0000] {processor.py:183} INFO - Processing /opt/airflow/dags/price_etl_dag.py took 0.139 seconds
[2026-08-24T19:39:33.590+0000] {processor.py:161} INFO - Started process (PID=850) to work on /opt/airflow/dags/price_etl_dag.py
[2026-08-24T19:39:33.591+0000] {processor.py:830} INFO - Processing file /opt/airflow/dags/price_etl_dag.py for tasks to queue
[2026-08-24T19:39:33.593+0000] {logging_mixin.py:188} INFO - [2026-08-24T19:39:33.593+0000] {dagbag.py:545} INFO - Filling up the DagBag from /opt/airflow/dags/price_etl_dag.py
[2026-08-24T19:39:33.610+0000] {processor.py:840} INFO - DAG(s) 'price_etl_pipeline' retrieved from /opt/airflow/dags/price_etl_dag.py
[2026-08-24T19:39:33.633+0000] {logging_mixin.py:188} INFO - [2026-08-24T19:39:33.633+0000] {dag.py:3089} INFO - Sync 1 DAGs
[2026-08-24T19:39:33.648+0000] {logging_mixin.py:188} INFO - [2026-08-24T19:39:33.648+0000] {dag.py:3947} INFO - Setting next_dagrun for price_etl_pipeline to 2026-08-24 12:00:00+00:00, run_after=2026-08-25 12:00:00+00:00
[2026-08-24T19:39:33.662+0000] {processor.py:183} INFO - Processing /opt/airflow/dags/price_etl_dag.py took 0.077 seconds
[2026-08-24T19:40:03.729+0000] {processor.py:161} INFO - Started process (PID=855) to work on /opt/airflow/dags/price_etl_dag.py
[2026-08-24T19:40:03.730+0000] {processor.py:830} INFO - Processing file /opt/airflow/dags/price_etl_dag.py for tasks to queue
[2026-08-24T19:40:03.731+0000] {logging_mixin.py:188} INFO - [2026-08-24T19:40:03.731+0000] {dagbag.py:545} INFO - Filling up the DagBag from /opt/airflow/dags/price_etl_dag.py
[2026-08-24T19:40:03.749+0000] {processor.py:840} INFO - DAG(s) 'price_etl_pipeline' retrieved from /opt/airflow/dags/price_etl_dag.py
[2026-08-24T19:40:03.770+0000] {logging_mixin.py:188} INFO - [2026-08-24T19:40:03.770+0000] {dag.py:3089} INFO - Sync 1 DAGs
[2026-08-24T19:40:03.784+0000] {logging_mixin.py:188} INFO - [2026-08-24T19:40:03.784+0000] {dag.py:3947} INFO - Setting next_dagrun for price_etl_pipeline to 2026-08-24 12:00:00+00:00, run_after=2026-08-25 12:00:00+00:00
[2026-08-24T19:40:03.799+0000] {processor.py:183} INFO - Processing /opt/airflow/dags/price_etl_dag.py took 0.073 seconds
[2026-08-24T19:40:33.878+0000] {processor.py:161} INFO - Started process (PID=860) to work on /opt/airflow/dags/price_etl_dag.py
[2026-08-24T19:40:33.879+0000] {processor.py:830} INFO - Processing file /opt/airflow/dags/price_etl_dag.py for tasks to queue
[2026-08-24T19:40:33.881+0000] {logging_mixin.py:188} INFO - [2026-08-24T19:40:33.880+0000] {dagbag.py:545} INFO - Filling up the DagBag from /opt/airflow/dags/price_etl_dag.py
[2026-08-24T19:40:33.898+0000] {processor.py:840} INFO - DAG(s) 'price_etl_pipeline' retrieved from /opt/airflow/dags/price_etl_dag.py
[2026-08-24T19:40:33.920+0000] {logging_mixin.py:188} INFO - [2026-08-24T19:40:33.919+0000] {dag.py:3089} INFO - Sync 1 DAGs
[2026-08-24T19:40:33.934+0000] {logging_mixin.py:188} INFO - [2026-08-24T19:40:33.934+0000] {dag.py:3947} INFO - Setting next_dagrun for price_etl_pipeline to 2026-08-24 12:00:00+00:00, run_after=2026-08-25 12:00:00+00:00
[2026-08-24T19:40:33.948+0000] {processor.py:183} INFO - Processing /opt/airflow/dags/price_etl_dag.py took 0.074 seconds
[2026-08-24T19:41:04.009+0000] {processor.py:161} INFO - Started process (PID=865) to work on /opt/airflow/dags/price_etl_dag.py
[2026-08-24T19:41:04.010+0000] {processor.py:830} INFO - Processing file /opt/airflow/dags/price_etl_dag.py for tasks to queue
[2026-08-24T19:41:04.011+0000] {logging_mixin.py:188} INFO - [2026-08-24T19:41:04.010+0000] {dagbag.py:545} INFO - Filling up the DagBag from /opt/airflow/dags/price_etl_dag.py
[2026-08-24T19:41:04.026+0000] {processor.py:840} INFO - DAG(s) 'price_etl_pipeline' retrieved from /opt/airflow/dags/price_etl_dag.py
[2026-08-24T19:41:04.049+0000] {logging_mixin.py:188} INFO - [2026-08-24T19:41:04.048+0000] {dag.py:3089} INFO - Sync 1 DAGs
[2026-08-24T19:41:04.062+0000] {logging_mixin.py:188} INFO - [2026-08-24T19:41:04.062+0000] {dag.py:3947} INFO - Setting next_dagrun for price_etl_pipeline to 2026-08-24 12:00:00+00:00, run_after=2026-08-25 12:00:00+00:00
[2026-08-24T19:41:04.075+0000] {processor.py:183} INFO - Processing /opt/airflow/dags/price_etl_dag.py took 0.068 seconds
[2026-08-24T19:41:34.159+0000] {processor.py:161} INFO - Started process (PID=870) to work on /opt/airflow/dags/price_etl_dag.py
[2026-08-24T19:41:34.159+0000] {processor.py:830} INFO - Processing file /opt/airflow/dags/price_etl_dag.py for tasks to queue
[2026-08-24T19:41:34.160+0000] {logging_mixin.py:188} INFO - [2026-08-24T19:41:34.160+0000] {dagbag.py:545} INFO - Filling up the DagBag from /opt/airflow/dags/price_etl_dag.py
[2026-08-24T19:41:34.178+0000] {processor.py:840} INFO - DAG(s) 'price_etl_pipeline' retrieved from /opt/airflow/dags/price_etl_dag.py
[2026-08-24T19:41:34.201+0000] {logging_mixin.py:188} INFO - [2026-08-24T19:41:34.201+0000] {dag.py:3089} INFO - Sync 1 DAGs
[2026-08-24T19:41:34.215+0000] {logging_mixin.py:188} INFO - [2026-08-24T19:41:34.215+0000] {dag.py:3947} INFO - Setting next_dagrun for price_etl_pipeline to 2026-08-24 12:00:00+00:00, run_after=2026-08-25 12:00:00+00:00
[2026-08-24T19:41:34.227+0000] {processor.py:183} INFO - Processing /opt/airflow/dags/price_etl_dag.py took 0.071 seconds
[2026-08-24T19:42:04.293+0000] {processor.py:161} INFO - Started process (PID=875) to work on /opt/airflow/dags/price_etl_dag.py
[2026-08-24T19:42:04.294+0000] {processor.py:830} INFO - Processing file /opt/airflow/dags/price_etl_dag.py for tasks to queue
[2026-08-24T19:42:04.295+0000] {logging_mixin.py:188} INFO - [2026-08-24T19:42:04.295+0000] {dagbag.py:545} INFO - Filling up the DagBag from /opt/airflow/dags/price_etl_dag.py
[2026-08-24T19:42:04.308+0000] {processor.py:840} INFO - DAG(s) 'price_etl_pipeline' retrieved from /opt/airflow/dags/price_etl_dag.py
[2026-08-24T19:42:04.327+0000] {logging_mixin.py:188} INFO - [2026-08-24T19:42:04.327+0000] {dag.py:3089} INFO - Sync 1 DAGs
[2026-08-24T19:42:04.341+0000] {logging_mixin.py:188} INFO - [2026-08-24T19:42:04.341+0000] {dag.py:3947} INFO - Setting next_dagrun for price_etl_pipeline to 2026-08-24 12:00:00+00:00, run_after=2026-08-25 12:00:00+00:00
[2026-08-24T19:42:04.356+0000] {processor.py:183} INFO - Processing /opt/airflow/dags/price_etl_dag.py took 0.065 seconds
[2026-08-24T19:42:34.436+0000] {processor.py:161} INFO - Started process (PID=1264) to work on /opt/airflow/dags/price_etl_dag.py
[2026-08-24T19:42:34.436+0000] {processor.py:830} INFO - Processing file /opt/airflow/dags/price_etl_dag.py for tasks to queue
[2026-08-24T19:42:34.437+0000] {logging_mixin.py:188} INFO - [2026-08-24T19:42:34.437+0000] {dagbag.py:545} INFO - Filling up the DagBag from /opt/airflow/dags/price_etl_dag.py
[2026-08-24T19:42:34.450+0000] {processor.py:840} INFO - DAG(s) 'price_etl_pipeline' retrieved from /opt/airflow/dags/price_etl_dag.py
[2026-08-24T19:42:34.465+0000] {logging_mixin.py:188} INFO - [2026-08-24T19:42:34.465+0000] {dag.py:3089} INFO - Sync 1 DAGs
[2026-08-24T19:42:34.475+0000] {logging_mixin.py:188} INFO - [2026-08-24T19:42:34.475+0000] {dag.py:3947} INFO - Setting next_dagrun for price_etl_pipeline to 2026-08-24 12:00:00+00:00, run_after=2026-08-25 12:00:00+00:00
[2026-08-24T19:42:34.488+0000] {processor.py:183} INFO - Processing /opt/airflow/dags/price_etl_dag.py took 0.055 seconds
[2026-08-24T19:43:04.576+0000] {processor.py:161} INFO - Started process (PID=1269) to work on /opt/airflow/dags/price_etl_dag.py
[2026-08-24T19:43:04.576+0000] {processor.py:830} INFO - Processing file /opt/airflow/dags/price_etl_dag.py for tasks to queue
[2026-08-24T19:43:04.577+0000] {logging_mixin.py:188} INFO - [2026-08-24T19:43:04.577+0000] {dagbag.py:545} INFO - Filling up the DagBag from /opt/airflow/dags/price_etl_dag.py
[2026-08-24T19:43:04.590+0000] {processor.py:840} INFO - DAG(s) 'price_etl_pipeline' retrieved from /opt/airflow/dags/price_etl_dag.py
[2026-08-24T19:43:04.612+0000] {logging_mixin.py:188} INFO - [2026-08-24T19:43:04.611+0000] {dag.py:3089} INFO - Sync 1 DAGs
[2026-08-24T19:43:04.627+0000] {logging_mixin.py:188} INFO - [2026-08-24T19:43:04.627+0000] {dag.py:3947} INFO - Setting next_dagrun for price_etl_pipeline to 2026-08-24 12:00:00+00:00, run_after=2026-08-25 12:00:00+00:00
[2026-08-24T19:43:04.641+0000] {processor.py:183} INFO - Processing /opt/airflow/dags/price_etl_dag.py took 0.068 seconds
[2026-08-24T19:43:34.704+0000] {processor.py:161} INFO - Started process (PID=1274) to work on /opt/airflow/dags/price_etl_dag.py
[2026-08-24T19:43:34.704+0000] {processor.py:830} INFO - Processing file /opt/airflow/dags/price_etl_dag.py for tasks to queue
[2026-08-24T19:43:34.705+0000] {logging_mixin.py:188} INFO - [2026-08-24T19:43:34.705+0000] {dagbag.py:545} INFO - Filling up the DagBag from /opt/airflow/dags/price_etl_dag.py
[2026-08-24T19:43:34.718+0000] {processor.py:840} INFO - DAG(s) 'price_etl_pipeline' retrieved from /opt/airflow/dags/price_etl_dag.py
[2026-08-24T19:43:34.740+0000] {logging_mixin.py:188} INFO - [2026-08-24T19:43:34.740+0000] {dag.py:3089} INFO - Sync 1 DAGs
[2026-08-24T19:43:34.755+0000] {logging_mixin.py:188} INFO - [2026-08-24T19:43:34.755+0000] {dag.py:3947} INFO - Setting next_dagrun for price_etl_pipeline to 2026-08-24 12:00:00+00:00, run_after=2026-08-25 12:00:00+00:00
[2026-08-24T19:43:34.769+0000] {processor.py:183} INFO - Processing /opt/airflow/dags/price_etl_dag.py took 0.068 seconds
[2026-08-24T19:44:04.859+0000] {processor.py:161} INFO - Started process (PID=1279) to work on /opt/airflow/dags/price_etl_dag.py
[2026-08-24T19:44:04.859+0000] {processor.py:830} INFO - Processing file /opt/airflow/dags/price_etl_dag.py for tasks to queue
[2026-08-24T19:44:04.860+0000] {logging_mixin.py:188} INFO - [2026-08-24T19:44:04.860+0000] {dagbag.py:545} INFO - Filling up the DagBag from /opt/airflow/dags/price_etl_dag.py
[2026-08-24T19:44:04.874+0000] {processor.py:840} INFO - DAG(s) 'price_etl_pipeline' retrieved from /opt/airflow/dags/price_etl_dag.py
[2026-08-24T19:44:04.896+0000] {logging_mixin.py:188} INFO - [2026-08-24T19:44:04.896+0000] {dag.py:3089} INFO - Sync 1 DAGs
[2026-08-24T19:44:04.910+0000] {logging_mixin.py:188} INFO - [2026-08-24T19:44:04.910+0000] {dag.py:3947} INFO - Setting next_dagrun for price_etl_pipeline to 2026-08-24 12:00:00+00:00, run_after=2026-08-25 12:00:00+00:00
[2026-08-24T19:44:04.925+0000] {processor.py:183} INFO - Processing /opt/airflow/dags/price_etl_dag.py took 0.069 seconds
[2026-08-24T19:44:34.983+0000] {processor.py:161} INFO - Started process (PID=1284) to work on /opt/airflow/dags/price_etl_dag.py
[2026-08-24T19:44:34.984+0000] {processor.py:830} INFO - Processing file /opt/airflow/dags/price_etl_dag.py for tasks to queue
[2026-08-24T19:44:34.985+0000] {logging_mixin.py:188} INFO - [2026-08-24T19:44:34.984+0000] {dagbag.py:545} INFO - Filling up the DagBag from /opt/airflow/dags/price_etl_dag.py
[2026-08-24T19:44:34.998+0000] {processor.py:840} INFO - DAG(s) 'price_etl_pipeline' retrieved from /opt/airflow/dags/price_etl_dag.py
[2026-08-24T19:44:35.021+0000] {logging_mixin.py:188} INFO - [2026-08-24T19:44:35.021+0000] {dag.py:3089} INFO - Sync 1 DAGs
[2026-08-24T19:44:35.035+0000] {logging_mixin.py:188} INFO - [2026-08-24T19:44:35.035+0000] {dag.py:3947} INFO - Setting next_dagrun for price_etl_pipeline to 2026-08-24 12:00:00+00:00, run_after=2026-08-25 12:00:00+00:00
[2026-08-24T19:44:35.050+0000] {processor.py:183} INFO - Processing /opt/airflow/dags/price_etl_dag.py took 0.069 seconds
[2026-08-24T19:45:05.164+0000] {processor.py:161} INFO - Started process (PID=1289) to work on /opt/airflow/dags/price_etl_dag.py
[2026-08-24T19:45:05.164+0000] {processor.py:830} INFO - Processing file /opt/airflow/dags/price_etl_dag.py for tasks to queue
[2026-08-24T19:45:05.165+0000] {logging_mixin.py:188} INFO - [2026-08-24T19:45:05.165+0000] {dagbag.py:545} INFO - Filling up the DagBag from /opt/airflow/dags/price_etl_dag.py
[2026-08-24T19:45:05.181+0000] {processor.py:840} INFO - DAG(s) 'price_etl_pipeline' retrieved from /opt/airflow/dags/price_etl_dag.py
[2026-08-24T19:45:05.203+0000] {logging_mixin.py:188} INFO - [2026-08-24T19:45:05.202+0000] {dag.py:3089} INFO - Sync 1 DAGs
[2026-08-24T19:45:05.217+0000] {logging_mixin.py:188} INFO - [2026-08-24T19:45:05.217+0000] {dag.py:3947} INFO - Setting next_dagrun for price_etl_pipeline to 2026-08-24 12:00:00+00:00, run_after=2026-08-25 12:00:00+00:00
[2026-08-24T19:45:05.230+0000] {processor.py:183} INFO - Processing /opt/airflow/dags/price_etl_dag.py took 0.069 seconds
[2026-08-24T19:45:35.288+0000] {processor.py:161} INFO - Started process (PID=1294) to work on /opt/airflow/dags/price_etl_dag.py
[2026-08-24T19:45:35.289+0000] {processor.py:830} INFO - Processing file /opt/airflow/dags/price_etl_dag.py for tasks to queue
[2026-08-24T19:45:35.290+0000] {logging_mixin.py:188} INFO - [2026-08-24T19:45:35.289+0000] {dagbag.py:545} INFO - Filling up the DagBag from /opt/airflow/dags/price_etl_dag.py
[2026-08-24T19:45:35.306+0000] {processor.py:840} INFO - DAG(s) 'price_etl_pipeline' retrieved from /opt/airflow/dags/price_etl_dag.py
[2026-08-24T19:45:35.328+0000] {logging_mixin.py:188} INFO - [2026-08-24T19:45:35.328+0000] {dag.py:3089} INFO - Sync 1 DAGs
[2026-08-24T19:45:35.343+0000] {logging_mixin.py:188} INFO - [2026-08-24T19:45:35.343+0000] {dag.py:3947} INFO - Setting next_dagrun for price_etl_pipeline to 2026-08-24 12:00:00+00:00, run_after=2026-08-25 12:00:00+00:00
[2026-08-24T19:45:35.355+0000] {processor.py:183} INFO - Processing /opt/airflow/dags/price_etl_dag.py took 0.070 seconds
[2026-08-24T19:46:05.444+0000] {processor.py:161} INFO - Started process (PID=1299) to work on /opt/airflow/dags/price_etl_dag.py
[2026-08-24T19:46:05.445+0000] {processor.py:830} INFO - Processing file /opt/airflow/dags/price_etl_dag.py for tasks to queue
[2026-08-24T19:46:05.446+0000] {logging_mixin.py:188} INFO - [2026-08-24T19:46:05.446+0000] {dagbag.py:545} INFO - Filling up the DagBag from /opt/airflow/dags/price_etl_dag.py
[2026-08-24T19:46:05.462+0000] {processor.py:840} INFO - DAG(s) 'price_etl_pipeline' retrieved from /opt/airflow/dags/price_etl_dag.py
[2026-08-24T19:46:05.483+0000] {logging_mixin.py:188} INFO - [2026-08-24T19:46:05.483+0000] {dag.py:3089} INFO - Sync 1 DAGs
[2026-08-24T19:46:05.498+0000] {logging_mixin.py:188} INFO - [2026-08-24T19:46:05.498+0000] {dag.py:3947} INFO - Setting next_dagrun for price_etl_pipeline to 2026-08-24 12:00:00+00:00, run_after=2026-08-25 12:00:00+00:00
[2026-08-24T19:46:05.514+0000] {processor.py:183} INFO - Processing /opt/airflow/dags/price_etl_dag.py took 0.072 seconds
[2026-08-24T19:46:35.564+0000] {processor.py:161} INFO - Started process (PID=1304) to work on /opt/airflow/dags/price_etl_dag.py
[2026-08-24T19:46:35.565+0000] {processor.py:830} INFO - Processing file /opt/airflow/dags/price_etl_dag.py for tasks to queue
[2026-08-24T19:46:35.566+0000] {logging_mixin.py:188} INFO - [2026-08-24T19:46:35.566+0000] {dagbag.py:545} INFO - Filling up the DagBag from /opt/airflow/dags/price_etl_dag.py
[2026-08-24T19:46:35.579+0000] {processor.py:840} INFO - DAG(s) 'price_etl_pipeline' retrieved from /opt/airflow/dags/price_etl_dag.py
[2026-08-24T19:46:35.603+0000] {logging_mixin.py:188} INFO - [2026-08-24T19:46:35.603+0000] {dag.py:3089} INFO - Sync 1 DAGs
[2026-08-24T19:46:35.618+0000] {logging_mixin.py:188} INFO - [2026-08-24T19:46:35.618+0000] {dag.py:3947} INFO - Setting next_dagrun for price_etl_pipeline to 2026-08-24 12:00:00+00:00, run_after=2026-08-25 12:00:00+00:00
[2026-08-24T19:46:35.634+0000] {processor.py:183} INFO - Processing /opt/airflow/dags/price_etl_dag.py took 0.072 seconds
[2026-08-24T19:47:05.731+0000] {processor.py:161} INFO - Started process (PID=1309) to work on /opt/airflow/dags/price_etl_dag.py
[2026-08-24T19:47:05.732+0000] {processor.py:830} INFO - Processing file /opt/airflow/dags/price_etl_dag.py for tasks to queue
[2026-08-24T19:47:05.733+0000] {logging_mixin.py:188} INFO - [2026-08-24T19:47:05.733+0000] {dagbag.py:545} INFO - Filling up the DagBag from /opt/airflow/dags/price_etl_dag.py
[2026-08-24T19:47:05.748+0000] {processor.py:840} INFO - DAG(s) 'price_etl_pipeline' retrieved from /opt/airflow/dags/price_etl_dag.py
[2026-08-24T19:47:05.772+0000] {logging_mixin.py:188} INFO - [2026-08-24T19:47:05.771+0000] {dag.py:3089} INFO - Sync 1 DAGs
[2026-08-24T19:47:05.786+0000] {logging_mixin.py:188} INFO - [2026-08-24T19:47:05.786+0000] {dag.py:3947} INFO - Setting next_dagrun for price_etl_pipeline to 2026-08-24 12:00:00+00:00, run_after=2026-08-25 12:00:00+00:00
[2026-08-24T19:47:05.798+0000] {processor.py:183} INFO - Processing /opt/airflow/dags/price_etl_dag.py took 0.070 seconds
[2026-08-24T19:47:35.854+0000] {processor.py:161} INFO - Started process (PID=1697) to work on /opt/airflow/dags/price_etl_dag.py
[2026-08-24T19:47:35.855+0000] {processor.py:830} INFO - Processing file /opt/airflow/dags/price_etl_dag.py for tasks to queue
[2026-08-24T19:47:35.856+0000] {logging_mixin.py:188} INFO - [2026-08-24T19:47:35.856+0000] {dagbag.py:545} INFO - Filling up the DagBag from /opt/airflow/dags/price_etl_dag.py
[2026-08-24T19:47:35.870+0000] {processor.py:840} INFO - DAG(s) 'price_etl_pipeline' retrieved from /opt/airflow/dags/price_etl_dag.py
[2026-08-24T19:47:35.889+0000] {logging_mixin.py:188} INFO - [2026-08-24T19:47:35.889+0000] {dag.py:3089} INFO - Sync 1 DAGs
[2026-08-24T19:47:35.900+0000] {logging_mixin.py:188} INFO - [2026-08-24T19:47:35.900+0000] {dag.py:3947} INFO - Setting next_dagrun for price_etl_pipeline to 2026-08-24 12:00:00+00:00, run_after=2026-08-25 12:00:00+00:00
[2026-08-24T19:47:35.911+0000] {processor.py:183} INFO - Processing /opt/airflow/dags/price_etl_dag.py took 0.060 seconds
[2026-08-24T19:48:06.015+0000] {processor.py:161} INFO - Started process (PID=1702) to work on /opt/airflow/dags/price_etl_dag.py
[2026-08-24T19:48:06.015+0000] {processor.py:830} INFO - Processing file /opt/airflow/dags/price_etl_dag.py for tasks to queue
[2026-08-24T19:48:06.017+0000] {logging_mixin.py:188} INFO - [2026-08-24T19:48:06.016+0000] {dagbag.py:545} INFO - Filling up the DagBag from /opt/airflow/dags/price_etl_dag.py
[2026-08-24T19:48:06.029+0000] {processor.py:840} INFO - DAG(s) 'price_etl_pipeline' retrieved from /opt/airflow/dags/price_etl_dag.py
[2026-08-24T19:48:06.046+0000] {logging_mixin.py:188} INFO - [2026-08-24T19:48:06.045+0000] {dag.py:3089} INFO - Sync 1 DAGs
[2026-08-24T19:48:06.055+0000] {logging_mixin.py:188} INFO - [2026-08-24T19:48:06.055+0000] {dag.py:3947} INFO - Setting next_dagrun for price_etl_pipeline to 2026-08-24 12:00:00+00:00, run_after=2026-08-25 12:00:00+00:00
[2026-08-24T19:48:06.068+0000] {processor.py:183} INFO - Processing /opt/airflow/dags/price_etl_dag.py took 0.055 seconds
[2026-08-24T19:48:36.137+0000] {processor.py:161} INFO - Started process (PID=1707) to work on /opt/airflow/dags/price_etl_dag.py
[2026-08-24T19:48:36.138+0000] {processor.py:830} INFO - Processing file /opt/airflow/dags/price_etl_dag.py for tasks to queue
[2026-08-24T19:48:36.139+0000] {logging_mixin.py:188} INFO - [2026-08-24T19:48:36.139+0000] {dagbag.py:545} INFO - Filling up the DagBag from /opt/airflow/dags/price_etl_dag.py
[2026-08-24T19:48:36.153+0000] {processor.py:840} INFO - DAG(s) 'price_etl_pipeline' retrieved from /opt/airflow/dags/price_etl_dag.py
[2026-08-24T19:48:36.171+0000] {logging_mixin.py:188} INFO - [2026-08-24T19:48:36.171+0000] {dag.py:3089} INFO - Sync 1 DAGs
[2026-08-24T19:48:36.180+0000] {logging_mixin.py:188} INFO - [2026-08-24T19:48:36.180+0000] {dag.py:3947} INFO - Setting next_dagrun for price_etl_pipeline to 2026-08-24 12:00:00+00:00, run_after=2026-08-25 12:00:00+00:00
[2026-08-24T19:48:36.191+0000] {processor.py:183} INFO - Processing /opt/airflow/dags/price_etl_dag.py took 0.056 seconds
[2026-08-24T19:49:06.281+0000] {processor.py:161} INFO - Started process (PID=1712) to work on /opt/airflow/dags/price_etl_dag.py
[2026-08-24T19:49:06.282+0000] {processor.py:830} INFO - Processing file /opt/airflow/dags/price_etl_dag.py for tasks to queue
[2026-08-24T19:49:06.283+0000] {logging_mixin.py:188} INFO - [2026-08-24T19:49:06.283+0000] {dagbag.py:545} INFO - Filling up the DagBag from /opt/airflow/dags/price_etl_dag.py
[2026-08-24T19:49:06.295+0000] {processor.py:840} INFO - DAG(s) 'price_etl_pipeline' retrieved from /opt/airflow/dags/price_etl_dag.py
[2026-08-24T19:49:06.311+0000] {logging_mixin.py:188} INFO - [2026-08-24T19:49:06.311+0000] {dag.py:3089} INFO - Sync 1 DAGs
[2026-08-24T19:49:06.321+0000] {logging_mixin.py:188} INFO - [2026-08-24T19:49:06.321+0000] {dag.py:3947} INFO - Setting next_dagrun for price_etl_pipeline to 2026-08-24 12:00:00+00:00, run_after=2026-08-25 12:00:00+00:00
[2026-08-24T19:49:06.334+0000] {processor.py:183} INFO - Processing /opt/airflow/dags/price_etl_dag.py took 0.056 seconds
[2026-08-24T19:49:36.410+0000] {processor.py:161} INFO - Started process (PID=1717) to work on /opt/airflow/dags/price_etl_dag.py
[2026-08-24T19:49:36.411+0000] {processor.py:830} INFO - Processing file /opt/airflow/dags/price_etl_dag.py for tasks to queue
[2026-08-24T19:49:36.412+0000] {logging_mixin.py:188} INFO - [2026-08-24T19:49:36.412+0000] {dagbag.py:545} INFO - Filling up the DagBag from /opt/airflow/dags/price_etl_dag.py
[2026-08-24T19:49:36.425+0000] {processor.py:840} INFO - DAG(s) 'price_etl_pipeline' retrieved from /opt/airflow/dags/price_etl_dag.py
[2026-08-24T19:49:36.446+0000] {logging_mixin.py:188} INFO - [2026-08-24T19:49:36.446+0000] {dag.py:3089} INFO - Sync 1 DAGs
[2026-08-24T19:49:36.461+0000] {logging_mixin.py:188} INFO - [2026-08-24T19:49:36.461+0000] {dag.py:3947} INFO - Setting next_dagrun for price_etl_pipeline to 2026-08-24 12:00:00+00:00, run_after=2026-08-25 12:00:00+00:00
[2026-08-24T19:49:36.476+0000] {processor.py:183} INFO - Processing /opt/airflow/dags/price_etl_dag.py took 0.068 seconds
[2026-08-24T19:50:06.572+0000] {processor.py:161} INFO - Started process (PID=1722) to work on /opt/airflow/dags/price_etl_dag.py
[2026-08-24T19:50:06.572+0000] {processor.py:830} INFO - Processing file /opt/airflow/dags/price_etl_dag.py for tasks to queue
[2026-08-24T19:50:06.573+0000] {logging_mixin.py:188} INFO - [2026-08-24T19:50:06.573+0000] {dagbag.py:545} INFO - Filling up the DagBag from /opt/airflow/dags/price_etl_dag.py
[2026-08-24T19:50:06.586+0000] {processor.py:840} INFO - DAG(s) 'price_etl_pipeline' retrieved from /opt/airflow/dags/price_etl_dag.py
[2026-08-24T19:50:06.601+0000] {logging_mixin.py:188} INFO - [2026-08-24T19:50:06.601+0000] {dag.py:3089} INFO - Sync 1 DAGs
[2026-08-24T19:50:06.614+0000] {logging_mixin.py:188} INFO - [2026-08-24T19:50:06.613+0000] {dag.py:3947} INFO - Setting next_dagrun for price_etl_pipeline to 2026-08-24 12:00:00+00:00, run_after=2026-08-25 12:00:00+00:00
[2026-08-24T19:50:06.626+0000] {processor.py:183} INFO - Processing /opt/airflow/dags/price_etl_dag.py took 0.057 seconds
[2026-08-24T19:50:36.704+0000] {processor.py:161} INFO - Started process (PID=1727) to work on /opt/airflow/dags/price_etl_dag.py
[2026-08-24T19:50:36.704+0000] {processor.py:830} INFO - Processing file /opt/airflow/dags/price_etl_dag.py for tasks to queue
[2026-08-24T19:50:36.705+0000] {logging_mixin.py:188} INFO - [2026-08-24T19:50:36.705+0000] {dagbag.py:545} INFO - Filling up the DagBag from /opt/airflow/dags/price_etl_dag.py
[2026-08-24T19:50:36.718+0000] {processor.py:840} INFO - DAG(s) 'price_etl_pipeline' retrieved from /opt/airflow/dags/price_etl_dag.py
[2026-08-24T19:50:36.735+0000] {logging_mixin.py:188} INFO - [2026-08-24T19:50:36.735+0000] {dag.py:3089} INFO - Sync 1 DAGs
[2026-08-24T19:50:36.749+0000] {logging_mixin.py:188} INFO - [2026-08-24T19:50:36.749+0000] {dag.py:3947} INFO - Setting next_dagrun for price_etl_pipeline to 2026-08-24 12:00:00+00:00, run_after=2026-08-25 12:00:00+00:00
[2026-08-24T19:50:36.765+0000] {processor.py:183} INFO - Processing /opt/airflow/dags/price_etl_dag.py took 0.064 seconds
[2026-08-24T19:51:06.843+0000] {processor.py:161} INFO - Started process (PID=1732) to work on /opt/airflow/dags/price_etl_dag.py
[2026-08-24T19:51:06.843+0000] {processor.py:830} INFO - Processing file /opt/airflow/dags/price_etl_dag.py for tasks to queue
[2026-08-24T19:51:06.844+0000] {logging_mixin.py:188} INFO - [2026-08-24T19:51:06.844+0000] {dagbag.py:545} INFO - Filling up the DagBag from /opt/airflow/dags/price_etl_dag.py
[2026-08-24T19:51:06.857+0000] {processor.py:840} INFO - DAG(s) 'price_etl_pipeline' retrieved from /opt/airflow/dags/price_etl_dag.py
[2026-08-24T19:51:06.876+0000] {logging_mixin.py:188} INFO - [2026-08-24T19:51:06.876+0000] {dag.py:3089} INFO - Sync 1 DAGs
[2026-08-24T19:51:06.890+0000] {logging_mixin.py:188} INFO - [2026-08-24T19:51:06.890+0000] {dag.py:3947} INFO - Setting next_dagrun for price_etl_pipeline to 2026-08-24 12:00:00+00:00, run_after=2026-08-25 12:00:00+00:00
[2026-08-24T19:51:06.905+0000] {processor.py:183} INFO - Processing /opt/airflow/dags/price_etl_dag.py took 0.065 seconds
[2026-08-24T19:51:36.984+0000] {processor.py:161} INFO - Started process (PID=1737) to work on /opt/airflow/dags/price_etl_dag.py
[2026-08-24T19:51:36.984+0000] {processor.py:830} INFO - Processing file /opt/airflow/dags/price_etl_dag.py for tasks to queue
[2026-08-24T19:51:36.985+0000] {logging_mixin.py:188} INFO - [2026-08-24T19:51:36.985+0000] {dagbag.py:545} INFO - Filling up the DagBag from /opt/airflow/dags/price_etl_dag.py
[2026-08-24T19:51:36.998+0000] {processor.py:840} INFO - DAG(s) 'price_etl_pipeline' retrieved from /opt/airflow/dags/price_etl_dag.py
[2026-08-24T19:51:37.019+0000] {logging_mixin.py:188} INFO - [2026-08-24T19:51:37.019+0000] {dag.py:3089} INFO - Sync 1 DAGs
[2026-08-24T19:51:37.032+0000] {logging_mixin.py:188} INFO - [2026-08-24T19:51:37.032+0000] {dag.py:3947} INFO - Setting next_dagrun for price_etl_pipeline to 2026-08-24 12:00:00+00:00, run_after=2026-08-25 12:00:00+00:00
[2026-08-24T19:51:37.045+0000] {processor.py:183} INFO - Processing /opt/airflow/dags/price_etl_dag.py took 0.065 seconds
[2026-08-24T19:52:07.126+0000] {processor.py:161} INFO - Started process (PID=1742) to work on /opt/airflow/dags/price_etl_dag.py
[2026-08-24T19:52:07.126+0000] {processor.py:830} INFO - Processing file /opt/airflow/dags/price_etl_dag.py for tasks to queue
[2026-08-24T19:52:07.127+0000] {logging_mixin.py:188} INFO - [2026-08-24T19:52:07.127+0000] {dagbag.py:545} INFO - Filling up the DagBag from /opt/airflow/dags/price_etl_dag.py
[2026-08-24T19:52:07.140+0000] {processor.py:840} INFO - DAG(s) 'price_etl_pipeline' retrieved from /opt/airflow/dags/price_etl_dag.py
[2026-08-24T19:52:07.159+0000] {logging_mixin.py:188} INFO - [2026-08-24T19:52:07.159+0000] {dag.py:3089} INFO - Sync 1 DAGs
[2026-08-24T19:52:07.174+0000] {logging_mixin.py:188} INFO - [2026-08-24T19:52:07.174+0000] {dag.py:3947} INFO - Setting next_dagrun for price_etl_pipeline to 2026-08-24 12:00:00+00:00, run_after=2026-08-25 12:00:00+00:00
[2026-08-24T19:52:07.188+0000] {processor.py:183} INFO - Processing /opt/airflow/dags/price_etl_dag.py took 0.065 seconds
[2026-08-24T19:52:37.267+0000] {processor.py:161} INFO - Started process (PID=1747) to work on /opt/airflow/dags/price_etl_dag.py
[2026-08-24T19:52:37.267+0000] {processor.py:830} INFO - Processing file /opt/airflow/dags/price_etl_dag.py for tasks to queue
[2026-08-24T19:52:37.268+0000] {logging_mixin.py:188} INFO - [2026-08-24T19:52:37.268+0000] {dagbag.py:545} INFO - Filling up the DagBag from /opt/airflow/dags/price_etl_dag.py
[2026-08-24T19:52:37.281+0000] {processor.py:840} INFO - DAG(s) 'price_etl_pipeline' retrieved from /opt/airflow/dags/price_etl_dag.py
[2026-08-24T19:52:37.297+0000] {logging_mixin.py:188} INFO - [2026-08-24T19:52:37.297+0000] {dag.py:3089} INFO - Sync 1 DAGs
[2026-08-24T19:52:37.311+0000] {logging_mixin.py:188} INFO - [2026-08-24T19:52:37.311+0000] {dag.py:3947} INFO - Setting next_dagrun for price_etl_pipeline to 2026-08-24 12:00:00+00:00, run_after=2026-08-25 12:00:00+00:00
[2026-08-24T19:52:37.325+0000] {processor.py:183} INFO - Processing /opt/airflow/dags/price_etl_dag.py took 0.061 seconds
[2026-08-24T19:53:07.410+0000] {processor.py:161} INFO - Started process (PID=1752) to work on /opt/airflow/dags/price_etl_dag.py
[2026-08-24T19:53:07.411+0000] {processor.py:830} INFO - Processing file /opt/airflow/dags/price_etl_dag.py for tasks to queue
[2026-08-24T19:53:07.412+0000] {logging_mixin.py:188} INFO - [2026-08-24T19:53:07.411+0000] {dagbag.py:545} INFO - Filling up the DagBag from /opt/airflow/dags/price_etl_dag.py
[2026-08-24T19:53:07.425+0000] {processor.py:840} INFO - DAG(s) 'price_etl_pipeline' retrieved from /opt/airflow/dags/price_etl_dag.py
[2026-08-24T19:53:07.440+0000] {logging_mixin.py:188} INFO - [2026-08-24T19:53:07.440+0000] {dag.py:3089} INFO - Sync 1 DAGs
[2026-08-24T19:53:07.454+0000] {logging_mixin.py:188} INFO - [2026-08-24T19:53:07.454+0000] {dag.py:3947} INFO - Setting next_dagrun for price_etl_pipeline to 2026-08-24 12:00:00+00:00, run_after=2026-08-25 12:00:00+00:00
[2026-08-24T19:53:07.470+0000] {processor.py:183} INFO - Processing /opt/airflow/dags/price_etl_dag.py took 0.063 seconds
[2026-08-24T19:53:37.543+0000] {processor.py:161} INFO - Started process (PID=1757) to work on /opt/airflow/dags/price_etl_dag.py
[2026-08-24T19:53:37.543+0000] {processor.py:830} INFO - Processing file /opt/airflow/dags/price_etl_dag.py for tasks to queue
[2026-08-24T19:53:37.544+0000] {logging_mixin.py:188} INFO - [2026-08-24T19:53:37.544+0000] {dagbag.py:545} INFO - Filling up the DagBag from /opt/airflow/dags/price_etl_dag.py
[2026-08-24T19:53:37.558+0000] {processor.py:840} INFO - DAG(s) 'price_etl_pipeline' retrieved from /opt/airflow/dags/price_etl_dag.py
[2026-08-24T19:53:37.579+0000] {logging_mixin.py:188} INFO - [2026-08-24T19:53:37.578+0000] {dag.py:3089} INFO - Sync 1 DAGs
[2026-08-24T19:53:37.592+0000] {logging_mixin.py:188} INFO - [2026-08-24T19:53:37.592+0000] {dag.py:3947} INFO - Setting next_dagrun for price_etl_pipeline to 2026-08-24 12:00:00+00:00, run_after=2026-08-25 12:00:00+00:00
[2026-08-24T19:53:37.607+0000] {processor.py:183} INFO - Processing /opt/airflow/dags/price_etl_dag.py took 0.067 seconds
[2026-08-24T19:54:07.698+0000] {processor.py:161} INFO - Started process (PID=1762) to work on /opt/airflow/dags/price_etl_dag.py
[2026-08-24T19:54:07.698+0000] {processor.py:830} INFO - Processing file /opt/airflow/dags/price_etl_dag.py for tasks to queue
[2026-08-24T19:54:07.699+0000] {logging_mixin.py:188} INFO - [2026-08-24T19:54:07.699+0000] {dagbag.py:545} INFO - Filling up the DagBag from /opt/airflow/dags/price_etl_dag.py
[2026-08-24T19:54:07.712+0000] {processor.py:840} INFO - DAG(s) 'price_etl_pipeline' retrieved from /opt/airflow/dags/price_etl_dag.py
[2026-08-24T19:54:07.732+0000] {logging_mixin.py:188} INFO - [2026-08-24T19:54:07.732+0000] {dag.py:3089} INFO - Sync 1 DAGs
[2026-08-24T19:54:07.745+0000] {logging_mixin.py:188} INFO - [2026-08-24T19:54:07.745+0000] {dag.py:3947} INFO - Setting next_dagrun for price_etl_pipeline to 2026-08-24 12:00:00+00:00, run_after=2026-08-25 12:00:00+00:00
[2026-08-24T19:54:07.760+0000] {processor.py:183} INFO - Processing /opt/airflow/dags/price_etl_dag.py took 0.065 seconds
[2026-08-24T19:54:37.829+0000] {processor.py:161} INFO - Started process (PID=1767) to work on /opt/airflow/dags/price_etl_dag.py
[2026-08-24T19:54:37.830+0000] {processor.py:830} INFO - Processing file /opt/airflow/dags/price_etl_dag.py for tasks to queue
[2026-08-24T19:54:37.831+0000] {logging_mixin.py:188} INFO - [2026-08-24T19:54:37.830+0000] {dagbag.py:545} INFO - Filling up the DagBag from /opt/airflow/dags/price_etl_dag.py
[2026-08-24T19:54:37.846+0000] {processor.py:840} INFO - DAG(s) 'price_etl_pipeline' retrieved from /opt/airflow/dags/price_etl_dag.py
[2026-08-24T19:54:37.868+0000] {logging_mixin.py:188} INFO - [2026-08-24T19:54:37.868+0000] {dag.py:3089} INFO - Sync 1 DAGs
[2026-08-24T19:54:37.881+0000] {logging_mixin.py:188} INFO - [2026-08-24T19:54:37.881+0000] {dag.py:3947} INFO - Setting next_dagrun for price_etl_pipeline to 2026-08-24 12:00:00+00:00, run_after=2026-08-25 12:00:00+00:00
[2026-08-24T19:54:37.895+0000] {processor.py:183} INFO - Processing /opt/airflow/dags/price_etl_dag.py took 0.068 seconds
[2026-08-24T19:55:08.000+0000] {processor.py:161} INFO - Started process (PID=1772) to work on /opt/airflow/dags/price_etl_dag.py
[2026-08-24T19:55:08.001+0000] {processor.py:830} INFO - Processing file /opt/airflow/dags/price_etl_dag.py for tasks to queue
[2026-08-24T19:55:08.002+0000] {logging_mixin.py:188} INFO - [2026-08-24T19:55:08.001+0000] {dagbag.py:545} INFO - Filling up the DagBag from /opt/airflow/dags/price_etl_dag.py
[2026-08-24T19:55:08.019+0000] {processor.py:840} INFO - DAG(s) 'price_etl_pipeline' retrieved from /opt/airflow/dags/price_etl_dag.py
[2026-08-24T19:55:08.041+0000] {logging_mixin.py:188} INFO - [2026-08-24T19:55:08.041+0000] {dag.py:3089} INFO - Sync 1 DAGs
[2026-08-24T19:55:08.055+0000] {logging_mixin.py:188} INFO - [2026-08-24T19:55:08.055+0000] {dag.py:3947} INFO - Setting next_dagrun for price_etl_pipeline to 2026-08-24 12:00:00+00:00, run_after=2026-08-25 12:00:00+00:00
[2026-08-24T19:55:08.067+0000] {processor.py:183} INFO - Processing /opt/airflow/dags/price_etl_dag.py took 0.070 seconds
[2026-08-24T19:55:38.124+0000] {processor.py:161} INFO - Started process (PID=1777) to work on /opt/airflow/dags/price_etl_dag.py
[2026-08-24T19:55:38.125+0000] {processor.py:830} INFO - Processing file /opt/airflow/dags/price_etl_dag.py for tasks to queue
[2026-08-24T19:55:38.126+0000] {logging_mixin.py:188} INFO - [2026-08-24T19:55:38.126+0000] {dagbag.py:545} INFO - Filling up the DagBag from /opt/airflow/dags/price_etl_dag.py
[2026-08-24T19:55:38.139+0000] {processor.py:840} INFO - DAG(s) 'price_etl_pipeline' retrieved from /opt/airflow/dags/price_etl_dag.py
[2026-08-24T19:55:38.159+0000] {logging_mixin.py:188} INFO - [2026-08-24T19:55:38.159+0000] {dag.py:3089} INFO - Sync 1 DAGs
[2026-08-24T19:55:38.173+0000] {logging_mixin.py:188} INFO - [2026-08-24T19:55:38.173+0000] {dag.py:3947} INFO - Setting next_dagrun for price_etl_pipeline to 2026-08-24 12:00:00+00:00, run_after=2026-08-25 12:00:00+00:00
[2026-08-24T19:55:38.187+0000] {processor.py:183} INFO - Processing /opt/airflow/dags/price_etl_dag.py took 0.065 seconds
[2026-08-24T19:56:08.290+0000] {processor.py:161} INFO - Started process (PID=1782) to work on /opt/airflow/dags/price_etl_dag.py
[2026-08-24T19:56:08.290+0000] {processor.py:830} INFO - Processing file /opt/airflow/dags/price_etl_dag.py for tasks to queue
[2026-08-24T19:56:08.291+0000] {logging_mixin.py:188} INFO - [2026-08-24T19:56:08.291+0000] {dagbag.py:545} INFO - Filling up the DagBag from /opt/airflow/dags/price_etl_dag.py
[2026-08-24T19:56:08.306+0000] {processor.py:840} INFO - DAG(s) 'price_etl_pipeline' retrieved from /opt/airflow/dags/price_etl_dag.py
[2026-08-24T19:56:08.329+0000] {logging_mixin.py:188} INFO - [2026-08-24T19:56:08.328+0000] {dag.py:3089} INFO - Sync 1 DAGs
[2026-08-24T19:56:08.343+0000] {logging_mixin.py:188} INFO - [2026-08-24T19:56:08.343+0000] {dag.py:3947} INFO - Setting next_dagrun for price_etl_pipeline to 2026-08-24 12:00:00+00:00, run_after=2026-08-25 12:00:00+00:00
[2026-08-24T19:56:08.357+0000] {processor.py:183} INFO - Processing /opt/airflow/dags/price_etl_dag.py took 0.070 seconds
[2026-08-24T19:56:38.414+0000] {processor.py:161} INFO - Started process (PID=1787) to work on /opt/airflow/dags/price_etl_dag.py
[2026-08-24T19:56:38.414+0000] {processor.py:830} INFO - Processing file /opt/airflow/dags/price_etl_dag.py for tasks to queue
[2026-08-24T19:56:38.415+0000] {logging_mixin.py:188} INFO - [2026-08-24T19:56:38.415+0000] {dagbag.py:545} INFO - Filling up the DagBag from /opt/airflow/dags/price_etl_dag.py
[2026-08-24T19:56:38.431+0000] {processor.py:840} INFO - DAG(s) 'price_etl_pipeline' retrieved from /opt/airflow/dags/price_etl_dag.py
[2026-08-24T19:56:38.453+0000] {logging_mixin.py:188} INFO - [2026-08-24T19:56:38.453+0000] {dag.py:3089} INFO - Sync 1 DAGs
[2026-08-24T19:56:38.467+0000] {logging_mixin.py:188} INFO - [2026-08-24T19:56:38.467+0000] {dag.py:3947} INFO - Setting next_dagrun for price_etl_pipeline to 2026-08-24 12:00:00+00:00, run_after=2026-08-25 12:00:00+00:00
[2026-08-24T19:56:38.482+0000] {processor.py:183} INFO - Processing /opt/airflow/dags/price_etl_dag.py took 0.071 seconds
[2026-08-24T19:57:08.572+0000] {processor.py:161} INFO - Started process (PID=1792) to work on /opt/airflow/dags/price_etl_dag.py
[2026-08-24T19:57:08.572+0000] {processor.py:830} INFO - Processing file /opt/airflow/dags/price_etl_dag.py for tasks to queue
[2026-08-24T19:57:08.573+0000] {logging_mixin.py:188} INFO - [2026-08-24T19:57:08.573+0000] {dagbag.py:545} INFO - Filling up the DagBag from /opt/airflow/dags/price_etl_dag.py
[2026-08-24T19:57:08.589+0000] {processor.py:840} INFO - DAG(s) 'price_etl_pipeline' retrieved from /opt/airflow/dags/price_etl_dag.py
[2026-08-24T19:57:08.610+0000] {logging_mixin.py:188} INFO - [2026-08-24T19:57:08.610+0000] {dag.py:3089} INFO - Sync 1 DAGs
[2026-08-24T19:57:08.624+0000] {logging_mixin.py:188} INFO - [2026-08-24T19:57:08.624+0000] {dag.py:3947} INFO - Setting next_dagrun for price_etl_pipeline to 2026-08-24 12:00:00+00:00, run_after=2026-08-25 12:00:00+00:00
[2026-08-24T19:57:08.638+0000] {processor.py:183} INFO - Processing /opt/airflow/dags/price_etl_dag.py took 0.069 seconds
[2026-08-24T19:57:38.693+0000] {processor.py:161} INFO - Started process (PID=1797) to work on /opt/airflow/dags/price_etl_dag.py
[2026-08-24T19:57:38.693+0000] {processor.py:830} INFO - Processing file /opt/airflow/dags/price_etl_dag.py for tasks to queue
[2026-08-24T19:57:38.694+0000] {logging_mixin.py:188} INFO - [2026-08-24T19:57:38.694+0000] {dagbag.py:545} INFO - Filling up the DagBag from /opt/airflow/dags/price_etl_dag.py
[2026-08-24T19:57:38.710+0000] {processor.py:840} INFO - DAG(s) 'price_etl_pipeline' retrieved from /opt/airflow/dags/price_etl_dag.py
[2026-08-24T19:57:38.732+0000] {logging_mixin.py:188} INFO - [2026-08-24T19:57:38.732+0000] {dag.py:3089} INFO - Sync 1 DAGs
[2026-08-24T19:57:38.747+0000] {logging_mixin.py:188} INFO - [2026-08-24T19:57:38.746+0000] {dag.py:3947} INFO - Setting next_dagrun for price_etl_pipeline to 2026-08-24 12:00:00+00:00, run_after=2026-08-25 12:00:00+00:00
[2026-08-24T19:57:38.760+0000] {processor.py:183} INFO - Processing /opt/airflow/dags/price_etl_dag.py took 0.070 seconds
[2026-08-24T19:58:08.854+0000] {processor.py:161} INFO - Started process (PID=1802) to work on /opt/airflow/dags/price_etl_dag.py
[2026-08-24T19:58:08.855+0000] {processor.py:830} INFO - Processing file /opt/airflow/dags/price_etl_dag.py for tasks to queue
[2026-08-24T19:58:08.856+0000] {logging_mixin.py:188} INFO - [2026-08-24T19:58:08.855+0000] {dagbag.py:545} INFO - Filling up the DagBag from /opt/airflow/dags/price_etl_dag.py
[2026-08-24T19:58:08.869+0000] {processor.py:840} INFO - DAG(s) 'price_etl_pipeline' retrieved from /opt/airflow/dags/price_etl_dag.py
[2026-08-24T19:58:08.890+0000] {logging_mixin.py:188} INFO - [2026-08-24T19:58:08.890+0000] {dag.py:3089} INFO - Sync 1 DAGs
[2026-08-24T19:58:08.904+0000] {logging_mixin.py:188} INFO - [2026-08-24T19:58:08.904+0000] {dag.py:3947} INFO - Setting next_dagrun for price_etl_pipeline to 2026-08-24 12:00:00+00:00, run_after=2026-08-25 12:00:00+00:00
[2026-08-24T19:58:08.918+0000] {processor.py:183} INFO - Processing /opt/airflow/dags/price_etl_dag.py took 0.067 seconds
[2026-08-24T19:58:38.980+0000] {processor.py:161} INFO - Started process (PID=1807) to work on /opt/airflow/dags/price_etl_dag.py
[2026-08-24T19:58:38.980+0000] {processor.py:830} INFO - Processing file /opt/airflow/dags/price_etl_dag.py for tasks to queue
[2026-08-24T19:58:38.981+0000] {logging_mixin.py:188} INFO - [2026-08-24T19:58:38.981+0000] {dagbag.py:545} INFO - Filling up the DagBag from /opt/airflow/dags/price_etl_dag.py
[2026-08-24T19:58:38.997+0000] {processor.py:840} INFO - DAG(s) 'price_etl_pipeline' retrieved from /opt/airflow/dags/price_etl_dag.py
[2026-08-24T19:58:39.019+0000] {logging_mixin.py:188} INFO - [2026-08-24T19:58:39.019+0000] {dag.py:3089} INFO - Sync 1 DAGs
[2026-08-24T19:58:39.035+0000] {logging_mixin.py:188} INFO - [2026-08-24T19:58:39.035+0000] {dag.py:3947} INFO - Setting next_dagrun for price_etl_pipeline to 2026-08-24 12:00:00+00:00, run_after=2026-08-25 12:00:00+00:00
[2026-08-24T19:58:39.049+0000] {processor.py:183} INFO - Processing /opt/airflow/dags/price_etl_dag.py took 0.072 seconds
[2026-08-24T19:59:09.135+0000] {processor.py:161} INFO - Started process (PID=1812) to work on /opt/airflow/dags/price_etl_dag.py
[2026-08-24T19:59:09.135+0000] {processor.py:830} INFO - Processing file /opt/airflow/dags/price_etl_dag.py for tasks to queue
[2026-08-24T19:59:09.137+0000] {logging_mixin.py:188} INFO - [2026-08-24T19:59:09.136+0000] {dagbag.py:545} INFO - Filling up the DagBag from /opt/airflow/dags/price_etl_dag.py
[2026-08-24T19:59:09.150+0000] {processor.py:840} INFO - DAG(s) 'price_etl_pipeline' retrieved from /opt/airflow/dags/price_etl_dag.py
[2026-08-24T19:59:09.171+0000] {logging_mixin.py:188} INFO - [2026-08-24T19:59:09.171+0000] {dag.py:3089} INFO - Sync 1 DAGs
[2026-08-24T19:59:09.186+0000] {logging_mixin.py:188} INFO - [2026-08-24T19:59:09.186+0000] {dag.py:3947} INFO - Setting next_dagrun for price_etl_pipeline to 2026-08-24 12:00:00+00:00, run_after=2026-08-25 12:00:00+00:00
[2026-08-24T19:59:09.199+0000] {processor.py:183} INFO - Processing /opt/airflow/dags/price_etl_dag.py took 0.067 seconds
[2026-08-24T19:59:39.271+0000] {processor.py:161} INFO - Started process (PID=1817) to work on /opt/airflow/dags/price_etl_dag.py
[2026-08-24T19:59:39.272+0000] {processor.py:830} INFO - Processing file /opt/airflow/dags/price_etl_dag.py for tasks to queue
[2026-08-24T19:59:39.273+0000] {logging_mixin.py:188} INFO - [2026-08-24T19:59:39.273+0000] {dagbag.py:545} INFO - Filling up the DagBag from /opt/airflow/dags/price_etl_dag.py
[2026-08-24T19:59:39.286+0000] {processor.py:840} INFO - DAG(s) 'price_etl_pipeline' retrieved from /opt/airflow/dags/price_etl_dag.py
[2026-08-24T19:59:39.302+0000] {logging_mixin.py:188} INFO - [2026-08-24T19:59:39.302+0000] {dag.py:3089} INFO - Sync 1 DAGs
[2026-08-24T19:59:39.316+0000] {logging_mixin.py:188} INFO - [2026-08-24T19:59:39.316+0000] {dag.py:3947} INFO - Setting next_dagrun for price_etl_pipeline to 2026-08-24 12:00:00+00:00, run_after=2026-08-25 12:00:00+00:00
[2026-08-24T19:59:39.330+0000] {processor.py:183} INFO - Processing /opt/airflow/dags/price_etl_dag.py took 0.062 seconds
[2026-08-24T20:00:09.442+0000] {processor.py:161} INFO - Started process (PID=1822) to work on /opt/airflow/dags/price_etl_dag.py
[2026-08-24T20:00:09.442+0000] {processor.py:830} INFO - Processing file /opt/airflow/dags/price_etl_dag.py for tasks to queue
[2026-08-24T20:00:09.443+0000] {logging_mixin.py:188} INFO - [2026-08-24T20:00:09.443+0000] {dagbag.py:545} INFO - Filling up the DagBag from /opt/airflow/dags/price_etl_dag.py
[2026-08-24T20:00:09.459+0000] {processor.py:840} INFO - DAG(s) 'price_etl_pipeline' retrieved from /opt/airflow/dags/price_etl_dag.py
[2026-08-24T20:00:09.480+0000] {logging_mixin.py:188} INFO - [2026-08-24T20:00:09.480+0000] {dag.py:3089} INFO - Sync 1 DAGs
[2026-08-24T20:00:09.494+0000] {logging_mixin.py:188} INFO - [2026-08-24T20:00:09.494+0000] {dag.py:3947} INFO - Setting next_dagrun for price_etl_pipeline to 2026-08-24 12:00:00+00:00, run_after=2026-08-25 12:00:00+00:00
[2026-08-24T20:00:09.509+0000] {processor.py:183} INFO - Processing /opt/airflow/dags/price_etl_dag.py took 0.069 seconds
[2026-08-24T20:00:39.572+0000] {processor.py:161} INFO - Started process (PID=1827) to work on /opt/airflow/dags/price_etl_dag.py
[2026-08-24T20:00:39.573+0000] {processor.py:830} INFO - Processing file /opt/airflow/dags/price_etl_dag.py for tasks to queue
[2026-08-24T20:00:39.574+0000] {logging_mixin.py:188} INFO - [2026-08-24T20:00:39.574+0000] {dagbag.py:545} INFO - Filling up the DagBag from /opt/airflow/dags/price_etl_dag.py
[2026-08-24T20:00:39.590+0000] {processor.py:840} INFO - DAG(s) 'price_etl_pipeline' retrieved from /opt/airflow/dags/price_etl_dag.py
[2026-08-24T20:00:39.613+0000] {logging_mixin.py:188} INFO - [2026-08-24T20:00:39.613+0000] {dag.py:3089} INFO - Sync 1 DAGs
[2026-08-24T20:00:39.627+0000] {logging_mixin.py:188} INFO - [2026-08-24T20:00:39.627+0000] {dag.py:3947} INFO - Setting next_dagrun for price_etl_pipeline to 2026-08-24 12:00:00+00:00, run_after=2026-08-25 12:00:00+00:00
[2026-08-24T20:00:39.642+0000] {processor.py:183} INFO - Processing /opt/airflow/dags/price_etl_dag.py took 0.073 seconds
[2026-08-24T20:01:09.723+0000] {processor.py:161} INFO - Started process (PID=1832) to work on /opt/airflow/dags/price_etl_dag.py
[2026-08-24T20:01:09.724+0000] {processor.py:830} INFO - Processing file /opt/airflow/dags/price_etl_dag.py for tasks to queue
[2026-08-24T20:01:09.725+0000] {logging_mixin.py:188} INFO - [2026-08-24T20:01:09.725+0000] {dagbag.py:545} INFO - Filling up the DagBag from /opt/airflow/dags/price_etl_dag.py
[2026-08-24T20:01:09.738+0000] {processor.py:840} INFO - DAG(s) 'price_etl_pipeline' retrieved from /opt/airflow/dags/price_etl_dag.py
[2026-08-24T20:01:09.757+0000] {logging_mixin.py:188} INFO - [2026-08-24T20:01:09.757+0000] {dag.py:3089} INFO - Sync 1 DAGs
[2026-08-24T20:01:09.771+0000] {logging_mixin.py:188} INFO - [2026-08-24T20:01:09.771+0000] {dag.py:3947} INFO - Setting next_dagrun for price_etl_pipeline to 2026-08-24 12:00:00+00:00, run_after=2026-08-25 12:00:00+00:00
[2026-08-24T20:01:09.786+0000] {processor.py:183} INFO - Processing /opt/airflow/dags/price_etl_dag.py took 0.065 seconds
[2026-08-24T20:01:39.856+0000] {processor.py:161} INFO - Started process (PID=1837) to work on /opt/airflow/dags/price_etl_dag.py
[2026-08-24T20:01:39.857+0000] {processor.py:830} INFO - Processing file /opt/airflow/dags/price_etl_dag.py for tasks to queue
[2026-08-24T20:01:39.858+0000] {logging_mixin.py:188} INFO - [2026-08-24T20:01:39.858+0000] {dagbag.py:545} INFO - Filling up the DagBag from /opt/airflow/dags/price_etl_dag.py
[2026-08-24T20:01:39.874+0000] {processor.py:840} INFO - DAG(s) 'price_etl_pipeline' retrieved from /opt/airflow/dags/price_etl_dag.py
[2026-08-24T20:01:39.895+0000] {logging_mixin.py:188} INFO - [2026-08-24T20:01:39.895+0000] {dag.py:3089} INFO - Sync 1 DAGs
[2026-08-24T20:01:39.909+0000] {logging_mixin.py:188} INFO - [2026-08-24T20:01:39.909+0000] {dag.py:3947} INFO - Setting next_dagrun for price_etl_pipeline to 2026-08-24 12:00:00+00:00, run_after=2026-08-25 12:00:00+00:00
[2026-08-24T20:01:39.922+0000] {processor.py:183} INFO - Processing /opt/airflow/dags/price_etl_dag.py took 0.068 seconds
